// Jest Snapshot v1, https://goo.gl/fbAQLP

exports[`<Cart /> renders and matches snapshot 1`] = `
Array [
  <div
    className="CartStyles-sc-1tvog53-0 hJLrYZ"
    open={true}
  >
    <header>
      <CloseButton
        onClick={[Function]}
        title="close"
      >
        <button
          className="CloseButton-sc-1seb878-0 lbNKfp"
          onClick={[Function]}
          title="close"
        >
          ×
        </button>
      </CloseButton>
      <Supreme>
        <h3
          className="Supreme-xv30qb-0 hpaXsq"
        >
          Miss Coleman Berge's 
          Cart
        </h3>
      </Supreme>
      <p>
        You have 
        1
         item
         in your cart.
      </p>
    </header>
    <ul>
      <CartItem
        cartItem={
          Object {
            "__typename": "CartItem",
            "id": "omg123",
            "item": Object {
              "__typename": "Item",
              "description": "dogs",
              "id": "abc123",
              "image": "dog-small.jpg",
              "price": 5000,
              "title": "dogs are best",
              Symbol(id): "Item:abc123",
            },
            "quantity": 3,
            Symbol(id): "CartItem:omg123",
          }
        }
        key="omg123"
      >
        <CartItem__CartItemStyles>
          <li
            className="CartItem__CartItemStyles-sc-1rm9l7o-0 iguiiv"
          >
            <img
              alt="dogs are best"
              src="dog-small.jpg"
              width="100"
            />
            <div
              className="cart-item-details"
            >
              <h3>
                dogs are best
              </h3>
              <p>
                $150
                 - 
                <em>
                  3
                   × 
                  $50
                   each
                </em>
              </p>
            </div>
            <RemoveFromCart
              id="omg123"
            >
              <Mutation
                mutation={
                  Object {
                    "definitions": Array [
                      Object {
                        "directives": Array [],
                        "kind": "OperationDefinition",
                        "name": Object {
                          "kind": "Name",
                          "value": "removeFromCart",
                        },
                        "operation": "mutation",
                        "selectionSet": Object {
                          "kind": "SelectionSet",
                          "selections": Array [
                            Object {
                              "alias": undefined,
                              "arguments": Array [
                                Object {
                                  "kind": "Argument",
                                  "name": Object {
                                    "kind": "Name",
                                    "value": "id",
                                  },
                                  "value": Object {
                                    "kind": "Variable",
                                    "name": Object {
                                      "kind": "Name",
                                      "value": "id",
                                    },
                                  },
                                },
                              ],
                              "directives": Array [],
                              "kind": "Field",
                              "name": Object {
                                "kind": "Name",
                                "value": "removeFromCart",
                              },
                              "selectionSet": Object {
                                "kind": "SelectionSet",
                                "selections": Array [
                                  Object {
                                    "alias": undefined,
                                    "arguments": Array [],
                                    "directives": Array [],
                                    "kind": "Field",
                                    "name": Object {
                                      "kind": "Name",
                                      "value": "id",
                                    },
                                    "selectionSet": undefined,
                                  },
                                ],
                              },
                            },
                          ],
                        },
                        "variableDefinitions": Array [
                          Object {
                            "defaultValue": undefined,
                            "kind": "VariableDefinition",
                            "type": Object {
                              "kind": "NonNullType",
                              "type": Object {
                                "kind": "NamedType",
                                "name": Object {
                                  "kind": "Name",
                                  "value": "ID",
                                },
                              },
                            },
                            "variable": Object {
                              "kind": "Variable",
                              "name": Object {
                                "kind": "Name",
                                "value": "id",
                              },
                            },
                          },
                        ],
                      },
                    ],
                    "kind": "Document",
                    "loc": Object {
                      "end": 179,
                      "start": 0,
                    },
                  }
                }
                optimisticResponse={
                  Object {
                    "__typename": "Mutation",
                    "removeFromCart": Object {
                      "__typename": "CartItem",
                      "id": "omg123",
                    },
                  }
                }
                update={[Function]}
                variables={
                  Object {
                    "id": "omg123",
                  }
                }
              >
                <RemoveFromCart__BigButton
                  disabled={false}
                  onClick={[Function]}
                  title="Delete Item"
                >
                  <button
                    className="RemoveFromCart__BigButton-emvtd6-0 gPWNSn"
                    disabled={false}
                    onClick={[Function]}
                    title="Delete Item"
                  >
                    ×
                  </button>
                </RemoveFromCart__BigButton>
              </Mutation>
            </RemoveFromCart>
          </li>
        </CartItem__CartItemStyles>
      </CartItem>
    </ul>
    <footer>
      <p>
        $150
      </p>
      <TakeMyMoney>
        <User>
          <Query
            query={
              Object {
                "definitions": Array [
                  Object {
                    "directives": Array [],
                    "kind": "OperationDefinition",
                    "name": undefined,
                    "operation": "query",
                    "selectionSet": Object {
                      "kind": "SelectionSet",
                      "selections": Array [
                        Object {
                          "alias": undefined,
                          "arguments": Array [],
                          "directives": Array [],
                          "kind": "Field",
                          "name": Object {
                            "kind": "Name",
                            "value": "me",
                          },
                          "selectionSet": Object {
                            "kind": "SelectionSet",
                            "selections": Array [
                              Object {
                                "alias": undefined,
                                "arguments": Array [],
                                "directives": Array [],
                                "kind": "Field",
                                "name": Object {
                                  "kind": "Name",
                                  "value": "id",
                                },
                                "selectionSet": undefined,
                              },
                              Object {
                                "alias": undefined,
                                "arguments": Array [],
                                "directives": Array [],
                                "kind": "Field",
                                "name": Object {
                                  "kind": "Name",
                                  "value": "email",
                                },
                                "selectionSet": undefined,
                              },
                              Object {
                                "alias": undefined,
                                "arguments": Array [],
                                "directives": Array [],
                                "kind": "Field",
                                "name": Object {
                                  "kind": "Name",
                                  "value": "name",
                                },
                                "selectionSet": undefined,
                              },
                              Object {
                                "alias": undefined,
                                "arguments": Array [],
                                "directives": Array [],
                                "kind": "Field",
                                "name": Object {
                                  "kind": "Name",
                                  "value": "permissions",
                                },
                                "selectionSet": undefined,
                              },
                              Object {
                                "alias": undefined,
                                "arguments": Array [],
                                "directives": Array [],
                                "kind": "Field",
                                "name": Object {
                                  "kind": "Name",
                                  "value": "orders",
                                },
                                "selectionSet": Object {
                                  "kind": "SelectionSet",
                                  "selections": Array [
                                    Object {
                                      "alias": undefined,
                                      "arguments": Array [],
                                      "directives": Array [],
                                      "kind": "Field",
                                      "name": Object {
                                        "kind": "Name",
                                        "value": "id",
                                      },
                                      "selectionSet": undefined,
                                    },
                                  ],
                                },
                              },
                              Object {
                                "alias": undefined,
                                "arguments": Array [],
                                "directives": Array [],
                                "kind": "Field",
                                "name": Object {
                                  "kind": "Name",
                                  "value": "cart",
                                },
                                "selectionSet": Object {
                                  "kind": "SelectionSet",
                                  "selections": Array [
                                    Object {
                                      "alias": undefined,
                                      "arguments": Array [],
                                      "directives": Array [],
                                      "kind": "Field",
                                      "name": Object {
                                        "kind": "Name",
                                        "value": "id",
                                      },
                                      "selectionSet": undefined,
                                    },
                                    Object {
                                      "alias": undefined,
                                      "arguments": Array [],
                                      "directives": Array [],
                                      "kind": "Field",
                                      "name": Object {
                                        "kind": "Name",
                                        "value": "quantity",
                                      },
                                      "selectionSet": undefined,
                                    },
                                    Object {
                                      "alias": undefined,
                                      "arguments": Array [],
                                      "directives": Array [],
                                      "kind": "Field",
                                      "name": Object {
                                        "kind": "Name",
                                        "value": "item",
                                      },
                                      "selectionSet": Object {
                                        "kind": "SelectionSet",
                                        "selections": Array [
                                          Object {
                                            "alias": undefined,
                                            "arguments": Array [],
                                            "directives": Array [],
                                            "kind": "Field",
                                            "name": Object {
                                              "kind": "Name",
                                              "value": "id",
                                            },
                                            "selectionSet": undefined,
                                          },
                                          Object {
                                            "alias": undefined,
                                            "arguments": Array [],
                                            "directives": Array [],
                                            "kind": "Field",
                                            "name": Object {
                                              "kind": "Name",
                                              "value": "price",
                                            },
                                            "selectionSet": undefined,
                                          },
                                          Object {
                                            "alias": undefined,
                                            "arguments": Array [],
                                            "directives": Array [],
                                            "kind": "Field",
                                            "name": Object {
                                              "kind": "Name",
                                              "value": "image",
                                            },
                                            "selectionSet": undefined,
                                          },
                                          Object {
                                            "alias": undefined,
                                            "arguments": Array [],
                                            "directives": Array [],
                                            "kind": "Field",
                                            "name": Object {
                                              "kind": "Name",
                                              "value": "title",
                                            },
                                            "selectionSet": undefined,
                                          },
                                          Object {
                                            "alias": undefined,
                                            "arguments": Array [],
                                            "directives": Array [],
                                            "kind": "Field",
                                            "name": Object {
                                              "kind": "Name",
                                              "value": "description",
                                            },
                                            "selectionSet": undefined,
                                          },
                                        ],
                                      },
                                    },
                                  ],
                                },
                              },
                            ],
                          },
                        },
                      ],
                    },
                    "variableDefinitions": Array [],
                  },
                ],
                "kind": "Document",
                "loc": Object {
                  "end": 271,
                  "start": 0,
                },
              }
            }
          >
            <Mutation
              mutation={
                Object {
                  "definitions": Array [
                    Object {
                      "directives": Array [],
                      "kind": "OperationDefinition",
                      "name": Object {
                        "kind": "Name",
                        "value": "CREATE_ORDER_MUTATION",
                      },
                      "operation": "mutation",
                      "selectionSet": Object {
                        "kind": "SelectionSet",
                        "selections": Array [
                          Object {
                            "alias": undefined,
                            "arguments": Array [
                              Object {
                                "kind": "Argument",
                                "name": Object {
                                  "kind": "Name",
                                  "value": "token",
                                },
                                "value": Object {
                                  "kind": "Variable",
                                  "name": Object {
                                    "kind": "Name",
                                    "value": "token",
                                  },
                                },
                              },
                            ],
                            "directives": Array [],
                            "kind": "Field",
                            "name": Object {
                              "kind": "Name",
                              "value": "createOrder",
                            },
                            "selectionSet": Object {
                              "kind": "SelectionSet",
                              "selections": Array [
                                Object {
                                  "alias": undefined,
                                  "arguments": Array [],
                                  "directives": Array [],
                                  "kind": "Field",
                                  "name": Object {
                                    "kind": "Name",
                                    "value": "id",
                                  },
                                  "selectionSet": undefined,
                                },
                                Object {
                                  "alias": undefined,
                                  "arguments": Array [],
                                  "directives": Array [],
                                  "kind": "Field",
                                  "name": Object {
                                    "kind": "Name",
                                    "value": "charge",
                                  },
                                  "selectionSet": undefined,
                                },
                                Object {
                                  "alias": undefined,
                                  "arguments": Array [],
                                  "directives": Array [],
                                  "kind": "Field",
                                  "name": Object {
                                    "kind": "Name",
                                    "value": "total",
                                  },
                                  "selectionSet": undefined,
                                },
                                Object {
                                  "alias": undefined,
                                  "arguments": Array [],
                                  "directives": Array [],
                                  "kind": "Field",
                                  "name": Object {
                                    "kind": "Name",
                                    "value": "items",
                                  },
                                  "selectionSet": Object {
                                    "kind": "SelectionSet",
                                    "selections": Array [
                                      Object {
                                        "alias": undefined,
                                        "arguments": Array [],
                                        "directives": Array [],
                                        "kind": "Field",
                                        "name": Object {
                                          "kind": "Name",
                                          "value": "id",
                                        },
                                        "selectionSet": undefined,
                                      },
                                      Object {
                                        "alias": undefined,
                                        "arguments": Array [],
                                        "directives": Array [],
                                        "kind": "Field",
                                        "name": Object {
                                          "kind": "Name",
                                          "value": "title",
                                        },
                                        "selectionSet": undefined,
                                      },
                                    ],
                                  },
                                },
                              ],
                            },
                          },
                        ],
                      },
                      "variableDefinitions": Array [
                        Object {
                          "defaultValue": undefined,
                          "kind": "VariableDefinition",
                          "type": Object {
                            "kind": "NonNullType",
                            "type": Object {
                              "kind": "NamedType",
                              "name": Object {
                                "kind": "Name",
                                "value": "String",
                              },
                            },
                          },
                          "variable": Object {
                            "kind": "Variable",
                            "name": Object {
                              "kind": "Name",
                              "value": "token",
                            },
                          },
                        },
                      ],
                    },
                  ],
                  "kind": "Document",
                  "loc": Object {
                    "end": 177,
                    "start": 0,
                  },
                }
              }
              refetchQueries={
                Array [
                  Object {
                    "query": Object {
                      "definitions": Array [
                        Object {
                          "directives": Array [],
                          "kind": "OperationDefinition",
                          "name": undefined,
                          "operation": "query",
                          "selectionSet": Object {
                            "kind": "SelectionSet",
                            "selections": Array [
                              Object {
                                "alias": undefined,
                                "arguments": Array [],
                                "directives": Array [],
                                "kind": "Field",
                                "name": Object {
                                  "kind": "Name",
                                  "value": "me",
                                },
                                "selectionSet": Object {
                                  "kind": "SelectionSet",
                                  "selections": Array [
                                    Object {
                                      "alias": undefined,
                                      "arguments": Array [],
                                      "directives": Array [],
                                      "kind": "Field",
                                      "name": Object {
                                        "kind": "Name",
                                        "value": "id",
                                      },
                                      "selectionSet": undefined,
                                    },
                                    Object {
                                      "alias": undefined,
                                      "arguments": Array [],
                                      "directives": Array [],
                                      "kind": "Field",
                                      "name": Object {
                                        "kind": "Name",
                                        "value": "email",
                                      },
                                      "selectionSet": undefined,
                                    },
                                    Object {
                                      "alias": undefined,
                                      "arguments": Array [],
                                      "directives": Array [],
                                      "kind": "Field",
                                      "name": Object {
                                        "kind": "Name",
                                        "value": "name",
                                      },
                                      "selectionSet": undefined,
                                    },
                                    Object {
                                      "alias": undefined,
                                      "arguments": Array [],
                                      "directives": Array [],
                                      "kind": "Field",
                                      "name": Object {
                                        "kind": "Name",
                                        "value": "permissions",
                                      },
                                      "selectionSet": undefined,
                                    },
                                    Object {
                                      "alias": undefined,
                                      "arguments": Array [],
                                      "directives": Array [],
                                      "kind": "Field",
                                      "name": Object {
                                        "kind": "Name",
                                        "value": "orders",
                                      },
                                      "selectionSet": Object {
                                        "kind": "SelectionSet",
                                        "selections": Array [
                                          Object {
                                            "alias": undefined,
                                            "arguments": Array [],
                                            "directives": Array [],
                                            "kind": "Field",
                                            "name": Object {
                                              "kind": "Name",
                                              "value": "id",
                                            },
                                            "selectionSet": undefined,
                                          },
                                        ],
                                      },
                                    },
                                    Object {
                                      "alias": undefined,
                                      "arguments": Array [],
                                      "directives": Array [],
                                      "kind": "Field",
                                      "name": Object {
                                        "kind": "Name",
                                        "value": "cart",
                                      },
                                      "selectionSet": Object {
                                        "kind": "SelectionSet",
                                        "selections": Array [
                                          Object {
                                            "alias": undefined,
                                            "arguments": Array [],
                                            "directives": Array [],
                                            "kind": "Field",
                                            "name": Object {
                                              "kind": "Name",
                                              "value": "id",
                                            },
                                            "selectionSet": undefined,
                                          },
                                          Object {
                                            "alias": undefined,
                                            "arguments": Array [],
                                            "directives": Array [],
                                            "kind": "Field",
                                            "name": Object {
                                              "kind": "Name",
                                              "value": "quantity",
                                            },
                                            "selectionSet": undefined,
                                          },
                                          Object {
                                            "alias": undefined,
                                            "arguments": Array [],
                                            "directives": Array [],
                                            "kind": "Field",
                                            "name": Object {
                                              "kind": "Name",
                                              "value": "item",
                                            },
                                            "selectionSet": Object {
                                              "kind": "SelectionSet",
                                              "selections": Array [
                                                Object {
                                                  "alias": undefined,
                                                  "arguments": Array [],
                                                  "directives": Array [],
                                                  "kind": "Field",
                                                  "name": Object {
                                                    "kind": "Name",
                                                    "value": "id",
                                                  },
                                                  "selectionSet": undefined,
                                                },
                                                Object {
                                                  "alias": undefined,
                                                  "arguments": Array [],
                                                  "directives": Array [],
                                                  "kind": "Field",
                                                  "name": Object {
                                                    "kind": "Name",
                                                    "value": "price",
                                                  },
                                                  "selectionSet": undefined,
                                                },
                                                Object {
                                                  "alias": undefined,
                                                  "arguments": Array [],
                                                  "directives": Array [],
                                                  "kind": "Field",
                                                  "name": Object {
                                                    "kind": "Name",
                                                    "value": "image",
                                                  },
                                                  "selectionSet": undefined,
                                                },
                                                Object {
                                                  "alias": undefined,
                                                  "arguments": Array [],
                                                  "directives": Array [],
                                                  "kind": "Field",
                                                  "name": Object {
                                                    "kind": "Name",
                                                    "value": "title",
                                                  },
                                                  "selectionSet": undefined,
                                                },
                                                Object {
                                                  "alias": undefined,
                                                  "arguments": Array [],
                                                  "directives": Array [],
                                                  "kind": "Field",
                                                  "name": Object {
                                                    "kind": "Name",
                                                    "value": "description",
                                                  },
                                                  "selectionSet": undefined,
                                                },
                                              ],
                                            },
                                          },
                                        ],
                                      },
                                    },
                                  ],
                                },
                              },
                            ],
                          },
                          "variableDefinitions": Array [],
                        },
                      ],
                      "kind": "Document",
                      "loc": Object {
                        "end": 271,
                        "start": 0,
                      },
                    },
                  },
                ]
              }
            >
              <ReactStripeCheckout
                ComponentClass="span"
                amount={15000}
                className="StripeCheckout"
                currency="USD"
                description="Order of 3 items!"
                email="Delmer.Smith@yahoo.com"
                image="dog-small.jpg"
                label="Pay With Card"
                locale="auto"
                name="Sick Fits"
                reconfigureOnUpdate={false}
                stripeKey="pk_test_4ipygfpHhcltITP4H2mrs6CI"
                token={[Function]}
                triggerEvent="onClick"
              >
                <span
                  onClick={[Function]}
                >
                  <SickButton>
                    <button
                      className="SickButton-l04z44-0 kouXDz"
                    >
                      Checkout
                    </button>
                  </SickButton>
                </span>
              </ReactStripeCheckout>
            </Mutation>
          </Query>
        </User>
      </TakeMyMoney>
    </footer>
  </div>,
  <div
    className="cart-item-details"
  >
    <h3>
      dogs are best
    </h3>
    <p>
      $150
       - 
      <em>
        3
         × 
        $50
         each
      </em>
    </p>
  </div>,
]
`;
